<?xml version="1.0" encoding="utf-8"?>
<ProjectItem>
  <Name>ImportFields.dll</Name>
  <Language>CSharp</Language>
  <Entities>
    <Entity type="Class">
      <Name>ImportFields</Name>
      <Access>Public</Access>
      <Location left="12" top="12" />
      <Size width="162" height="216" />
      <Collapsed>False</Collapsed>
      <Member type="Field">public int field1</Member>
      <Member type="Field">private volatile int field2</Member>
      <Member type="Field">private static int field3</Member>
      <Member type="Constructor">public ImportFields()</Member>
      <Modifier>None</Modifier>
    </Entity>
  </Entities>
  <Relationships />
</ProjectItem>